tpcds/query-1 0.30s
tpcds/query-2 0.16s
tpcds/query-3 0.28s
tpcds/query01 0.11s
tpcds/query01_agg 0.07s
tpcds/query02-one 0.61s
tpcds/query02-two 0.68s
tpcds/query02 1.25s
tpcds/query03 0.07s
tpcds/query04 11.58s
tpcds/query05 35.54s
tpcds/query06 0.10s
tpcds/query07 0.11s
tpcds/query08 1.21s
tpcds/query09 0.49s
tpcds/query10 3.21s
tpcds/query11 9.41s
tpcds/query12 0.14s
tpcds/query13 0.11s
tpcds/query14 4.37s
tpcds/query15 0.14s
tpcds/query16 0.19s
tpcds/query17 0.21s
tpcds/query18 0.30s
tpcds/query19 0.09s
tpcds/query20 0.17s
tpcds/query21 0.20s
tpcds/query22 0.03s
tpcds/query23 14.58s
tpcds/query24 0.26s
tpcds/query25 0.12s
tpcds/query26 0.14s
tpcds/query27 0.12s
tpcds/query28 0.23s
tpcds/query29 0.35s
tpcds/query30-alt 0.21s
tpcds/query30 0.25s
tpcds/query31 3.28s
tpcds/query32 0.11s
tpcds/query33 0.93s
tpcds/query34 0.30s
tpcds/query35 3.20s
tpcds/query36 0.12s
tpcds/query37 0.15s
tpcds/query38 0.98s
tpcds/query39 0.07s
tpcds/query40 0.46s
tpcds/query41 0.20s
tpcds/query42 0.08s
tpcds/query43 0.20s
tpcds/query44 0.21s
tpcds/query45 0.14s
tpcds/query46 0.17s
tpcds/query47 0.22s
tpcds/query48 0.11s
tpcds/query49 0.98s
tpcds/query50 0.29s
tpcds/query51 3.24s
tpcds/query52 0.08s
tpcds/query53 0.13s
tpcds/query54 1.99s
tpcds/query55 0.12s
tpcds/query56 1.08s
tpcds/query57 0.21s
tpcds/query58 0.68s
tpcds/query59 0.26s
tpcds/query60 0.96s
tpcds/query61 0.11s
tpcds/query62 0.51s
tpcds/query63 0.14s
tpcds/query64 1.57s
tpcds/query65 0.11s
tpcds/query66 6.82s
tpcds/query67 0.19s
tpcds/query68 0.20s
tpcds/query69 3.03s
tpcds/query70 0.21s
tpcds/query71 2.86s
tpcds/query72 0.36s
tpcds/query73 1.81s
tpcds/query74 4.13s
tpcds/query75 2.07s
tpcds/query76 1.02s
tpcds/query77 2.44s
tpcds/query78 0.96s
tpcds/query79 0.15s
tpcds/query80 10.74s
tpcds/query81 0.25s
tpcds/query82.1 0.08s
tpcds/query82 0.08s
tpcds/query83 0.73s
tpcds/query84 0.14s
tpcds/query85 0.19s
tpcds/query86 0.16s
tpcds/query87 0.60s
tpcds/query88 0.31s
tpcds/query89 0.15s
tpcds/query90 0.12s
tpcds/query91 0.18s
tpcds/query92 0.17s
tpcds/query93 0.10s
tpcds/query94 0.21s
tpcds/query95 0.19s
tpcds/query96 0.12s
tpcds/query97-one 0.45s
tpcds/query97-two 0.48s
tpcds/query97 3.78s
tpcds/query98 0.14s
tpcds/query99 0.31s
tpch/query01 1.85s
tpch/query02-region 0.06s
tpch/query02 0.06s
tpch/query03 0.05s
tpch/query04 0.06s
tpch/query05 0.04s
tpch/query06 0.03s
tpch/query07 0.05s
tpch/query08 0.06s
tpch/query09 0.10s
tpch/query10 0.05s
tpch/query11 0.05s
tpch/query12 0.10s
tpch/query13 0.03s
tpch/query14 0.05s
tpch/query15 0.06s
tpch/query16 0.04s
tpch/query17 0.04s
tpch/query18 0.04s
tpch/query19 0.09s
tpch/query20 0.08s
tpch/query21 0.06s
tpch/query22 0.13s

== planner census ==
direct_hit	82
direct_miss	17
network_bridge	318
network_none	8
network_single_scan	83
search_calls	409
search_declined	8
search_truncated	1

== slowest searches ==
tpcds/query05	cands=46	covers=4096	trunc=True	35.31s
tpcds/query66	cands=46	covers=1417	trunc=False	6.09s
tpcds/query80	cands=46	covers=1023	trunc=False	5.37s
tpcds/query04	cands=46	covers=2833	trunc=False	5.20s
tpcds/query80	cands=46	covers=1023	trunc=False	5.20s
tpcds/query23	cands=46	covers=2714	trunc=False	3.64s
tpcds/query23	cands=46	covers=2714	trunc=False	3.57s
tpcds/query04	cands=46	covers=1417	trunc=False	3.30s
tpcds/query04	cands=46	covers=709	trunc=False	2.66s
tpcds/query11	cands=46	covers=1417	trunc=False	2.65s
tpcds/query11	cands=46	covers=1417	trunc=False	2.63s
tpcds/query11	cands=46	covers=1417	trunc=False	2.57s
tpcds/query23	cands=46	covers=2714	trunc=False	2.29s
tpcds/query23	cands=46	covers=709	trunc=False	2.08s
tpcds/query74	cands=46	covers=1417	trunc=False	2.05s
tpcds/query74	cands=46	covers=709	trunc=False	1.76s
tpcds/query54	cands=79	covers=703	trunc=False	1.68s
tpcds/query97	cands=46	covers=1418	trunc=False	1.62s
tpcds/query97	cands=46	covers=1418	trunc=False	1.62s
tpcds/query31	cands=46	covers=709	trunc=False	1.61s

total search seconds: 125.4 over 409 searches
