........................................................................ [  1%]
........................................................................ [  2%]
........................................................................ [  3%]
............................s...............s........................... [  4%]
........................................................................ [  5%]
........................................................................ [  6%]
........................................................................ [  7%]
........................................................................ [  9%]
........................................................................ [ 10%]
........................................................................ [ 11%]
........................................................................ [ 12%]
........................................................................ [ 13%]
........................................................................ [ 14%]
........................................................................ [ 15%]
........................................................................ [ 17%]
........................................................................ [ 18%]
..s..................................................................... [ 19%]
........................................................................ [ 20%]
........................................................................ [ 21%]
...........s.......s.................................................... [ 22%]
..............................................................ssss...... [ 23%]
.............................................ss..........sssssssssssssss [ 24%]
ssssssssssssssssssssssssssssssssssssssssssssssssssssssssssssssssssss.... [ 26%]
........................................................................ [ 27%]
....................................................s................... [ 28%]
........................................................................ [ 29%]
........................................................................ [ 30%]
........................................................................ [ 31%]
........................................................................ [ 32%]
........................................................................ [ 34%]
................................s........s.............................. [ 35%]
...................s.................................................... [ 36%]
........................................................................ [ 37%]
x......s................................................................ [ 38%]
........................................................................ [ 39%]
........................................................................ [ 40%]
..............X.............X...x...........X.X.X.X..................... [ 42%]
....x.x.......x.....................................X.X...x............. [ 43%]
....................X.............X..................................... [ 44%]
........................X............................................... [ 45%]
.........................................................s.............. [ 46%]
........................................................................ [ 47%]
........................................................................ [ 48%]
........................................................................ [ 49%]
........................................................................ [ 51%]
........................................................................ [ 52%]
........................................................................ [ 53%]
......................................s................................. [ 54%]
........................................................................ [ 55%]
........................................................................ [ 56%]
........................................................................ [ 57%]
........................................................................ [ 59%]
........................................................................ [ 60%]
........................................................................ [ 61%]
........................................................................ [ 62%]
........................................................................ [ 63%]
........................................................................ [ 64%]
........................................................................ [ 65%]
........................................................................ [ 67%]
........................................................................ [ 68%]
........................................................................ [ 69%]
........................................................................ [ 70%]
........................................................................ [ 71%]
........................................................................ [ 72%]
........................................................................ [ 73%]
........................................................................ [ 74%]
........................................................................ [ 76%]
........................................................................ [ 77%]
........................................................................ [ 78%]
........................................................................ [ 79%]
........................................................................ [ 80%]
........................................................................ [ 81%]
........................................................................ [ 82%]
........................................................................ [ 84%]
........................................................................ [ 85%]
........................................................................ [ 86%]
........................................................................ [ 87%]
........................................................................ [ 88%]
........................................................................ [ 89%]
........................................................................ [ 90%]
........................................................................ [ 92%]
........................................................................ [ 93%]
........................................................................ [ 94%]
........................................................................ [ 95%]
........................................................................ [ 96%]
........................................................................ [ 97%]
........................................................................ [ 98%]
........................................................................ [ 99%]
...                                                                      [100%]
============================== warnings summary ===============================
tests/engine/bigquery/test_bigquery_metadata.py: 1 warning
tests/engine/test_bigquery.py: 13 warnings
tests/engine/test_snowflake.py: 5 warnings
tests/etl/test_bigquery.py: 2 warnings
tests/modeling/ncaa/test_ncaa.py: 1 warning
tests/modeling/the_look/test_the_look.py: 1 warning
tests/scripts/test_trilogy.py: 2 warnings
  C:\Users\ethan\coding_projects\pytrilogy_two\.venv\Lib\site-packages\google\cloud\bigquery\client.py:613: UserWarning: Cannot create BigQuery Storage client, the dependency google-cloud-bigquery-storage is not installed.
    warnings.warn(

tests/engine/snowflake/test_snowflake_metadata.py: 25 warnings
tests/engine/test_snowflake.py: 33 warnings
tests/execution/state/test_schema_refresh.py: 13 warnings
tests/scripts/test_fk_inference.py: 1 warning
tests/scripts/test_trilogy.py: 8 warnings
tests/vscode/test_vscode_test_cases.py: 4 warnings
  C:\Users\ethan\coding_projects\pytrilogy_two\.venv\Lib\site-packages\fakesnow\cursor.py:553: DeprecationWarning: fetch_arrow_table() is deprecated, use to_arrow_table() instead.
    self._arrow_table = self._duck_conn.fetch_arrow_table()

tests/scripts/test_trilogy.py::test_postgres
  C:\Users\ethan\coding_projects\pytrilogy_two\trilogy\dialect\enums.py:105: DeprecationWarning: The 'warn' method is deprecated, use 'warning' instead
    logger.warn(

-- Docs: https://docs.pytest.org/en/stable/how-to/capture-warnings.html
6221 passed, 102 skipped, 6 xfailed, 11 xpassed, 110 warnings in 1660.77s (0:27:40)
